// Jest Snapshot v1, https://goo.gl/fbAQLP

exports[`components/contents/PostContent mountable snapshot 1`] = `
<div>
  <div>
    <h1>
      post title
    </h1>
  </div>
</div>
`;
